{
  "level": "max",
  "count_total_errors": 6,
  "count_errors": 2,
  "count_locally_ignored_errors": 4,
  "count_lines_to_ignores": 2,
  "errors_map": {
    "class.notFound": 2,
    "argument.type": 1,
    "binaryOp.invalid": 1,
    "missingType.property": 1,
    "variable.undefined": 1
  }
}